error: this if-then-else expression returns a bool literal
  --> $DIR/fixable.rs:45:5
   |
LL | /     if x {
LL | |         true
LL | |     } else {
LL | |         false
LL | |     };
   | |_____^ help: you can reduce it to: `x`
   |
   = note: `-D clippy::needless-bool` implied by `-D warnings`

error: this if-then-else expression returns a bool literal
  --> $DIR/fixable.rs:50:5
   |
LL | /     if x {
LL | |         false
LL | |     } else {
LL | |         true
LL | |     };
   | |_____^ help: you can reduce it to: `!x`

error: this if-then-else expression returns a bool literal
  --> $DIR/fixable.rs:55:5
   |
LL | /     if x && y {
LL | |         false
LL | |     } else {
LL | |         true
LL | |     };
   | |_____^ help: you can reduce it to: `!(x && y)`

error: this if-then-else expression returns a bool literal
  --> $DIR/fixable.rs:72:32
   |
LL |     let _block_and_no_borrow = if unsafe { no(4) } & 1 != 0 { true } else { false };
   |                                ^^^^^^^^^^^^^^^^^^^^^^^^^^^^^^^^^^^^^^^^^^^^^^^^^^^^ help: you can reduce it to: `(unsafe { no(4) } & 1 != 0)`

error: this if-then-else expression returns a bool literal
  --> $DIR/fixable.rs:76:5
   |
LL | /     if x {
LL | |         return true;
LL | |     } else {
LL | |         return false;
LL | |     };
   | |_____^ help: you can reduce it to: `return x`

error: this if-then-else expression returns a bool literal
  --> $DIR/fixable.rs:84:5
   |
LL | /     if x {
LL | |         return false;
LL | |     } else {
LL | |         return true;
LL | |     };
   | |_____^ help: you can reduce it to: `return !x`

error: this if-then-else expression returns a bool literal
  --> $DIR/fixable.rs:92:5
   |
LL | /     if x && y {
LL | |         return true;
LL | |     } else {
LL | |         return false;
LL | |     };
   | |_____^ help: you can reduce it to: `return x && y`

error: this if-then-else expression returns a bool literal
  --> $DIR/fixable.rs:100:5
   |
LL | /     if x && y {
LL | |         return false;
LL | |     } else {
LL | |         return true;
LL | |     };
   | |_____^ help: you can reduce it to: `return !(x && y)`

error: equality checks against true are unnecessary
  --> $DIR/fixable.rs:108:8
   |
LL |     if x == true {};
   |        ^^^^^^^^^ help: try simplifying it as shown: `x`
   |
   = note: `-D clippy::bool-comparison` implied by `-D warnings`

error: equality checks against false can be replaced by a negation
  --> $DIR/fixable.rs:112:8
   |
LL |     if x == false {};
   |        ^^^^^^^^^^ help: try simplifying it as shown: `!x`

error: equality checks against true are unnecessary
  --> $DIR/fixable.rs:122:8
   |
LL |     if x == true {};
   |        ^^^^^^^^^ help: try simplifying it as shown: `x`

error: equality checks against false can be replaced by a negation
  --> $DIR/fixable.rs:123:8
   |
LL |     if x == false {};
   |        ^^^^^^^^^^ help: try simplifying it as shown: `!x`

error: this if-then-else expression returns a bool literal
  --> $DIR/fixable.rs:132:12
   |
LL |       } else if returns_bool() {
   |  ____________^
LL | |         false
LL | |     } else {
LL | |         true
LL | |     };
   | |_____^ help: you can reduce it to: `{ !returns_bool() }`

error: aborting due to 13 previous errors

